// Jest Snapshot v1, https://goo.gl/fbAQLP

exports[`Button component renders correctly 1`] = `
.ddvIbK {
  background-color: inherit !important;
  border-color: #057AFF !important;
  color: #057AFF !important;
  -webkit-text-transform: uppercase;
  text-transform: uppercase;
  -webkit-letter-spacing: .5px;
  -moz-letter-spacing: .5px;
  -ms-letter-spacing: .5px;
  letter-spacing: .5px;
}

<a
  className="button button-big sc-bdVaJa ddvIbK"
  href="#"
  onClick={[Function]}
>
  Submit
</a>
`;
