// Jest Snapshot v1, https://goo.gl/fbAQLP

exports[`FormInput component renders correctly 1`] = `
.bSLHOK {
  margin-left: 15px;
}

<div
  className="item-content"
>
  <div
    className="item-media"
  >
    <i
      className="material-icons icon"
    >
      account_box
    </i>
  </div>
  <div
    className="item-input sc-bdVaJa bSLHOK"
  >
    <input
      name="username"
      onBlur={undefined}
      onChange={[Function]}
      placeholder="Type your name"
      type="text"
    />
  </div>
</div>
`;
