// Jest Snapshot v1, https://goo.gl/fbAQLP

exports[`LinkItem component renders correctly 1`] = `
.lfVYTe {
  padding-right: 15px;
}

.fvZPbp {
  -webkit-flex-direction: column;
  -ms-flex-direction: column;
  flex-direction: column;
  padding-right: 0 !important;
  position: relative;
}

.bNzvmb {
  color: #C7C7CC;
  position: absolute !important;
  right: 0;
  width: 17px;
}

<li>
  <a
    href="/"
  >
    <div
      className="item-content sc-bdVaJa lfVYTe"
    >
      <div
        className="item-inner sc-bwzfXH fvZPbp"
      >
        <i
          className="material-icons icon sc-htpNat bNzvmb"
        >
          keyboard_arrow_right
        </i>
        HelloWorldComponent
      </div>
    </div>
  </a>
</li>
`;
