// Jest Snapshot v1, https://goo.gl/fbAQLP

exports[`SmartSelect component renders correctly 1`] = `


<li>
  <a
    className="item-link smart-select"
    data-searchbar="true"
    data-searchbar-placeholder="Search for schools..."
  >
    <select
      multiple={true}
      name="schools"
      onChange={[Function]}
      value={
        Array [
          "bruHy",
        ]
      }
    >
      <option
        data-display-as="NJIT"
        value="bruHy"
      >
        New Jersey Institute of Technology, Newark
      </option>
      <option
        data-display-as="RU"
        value="5y7fh"
      >
        Rutgers University, New Brunswick
      </option>
    </select>
    <div
      className="item-content"
    >
      <div
        className="item-inner"
      >
        <div
          className="item-title"
        >
          Schools
        </div>
        <div
          className="item-after"
        />
      </div>
    </div>
  </a>
</li>
`;
