// Jest Snapshot v1, https://goo.gl/fbAQLP

exports[`RatingCategoriesList component should render correctly 1`] = `
.ecEnce {
  -webkit-letter-spacing: 2px;
  -moz-letter-spacing: 2px;
  -ms-letter-spacing: 2px;
  letter-spacing: 2px;
}

.eYvYrI {
  font-weight: 500;
  color: #DEB21C;
}

.fxvkdv {
  font-weight: 500;
  color: #A1BA37;
}

.ixBfIh {
  border: 0px;
  height: 1px;
  width: 70%;
  margin: 1px auto;
  background-image: linear-gradient(    to left,    #FFF,    #000,    #FFF  );
}

.dhCMem {
  -webkit-flex-grow: 1;
  -ms-flex-grow: 1;
  flex-grow: 1;
  padding-top: 4px;
  color: #000;
}

.gcHgtx {
  -webkit-flex-basis: 22px;
  -ms-flex-basis: 22px;
  flex-basis: 22px;
  font-size: 19px;
  padding-top: 4px;
}

.gbCgzD {
  font-size: 14px;
}

.gbCgzD span {
  font-size: 17px;
}

.kdJdmo {
  display: -webkit-box;
  display: -webkit-flex;
  display: -ms-flexbox;
  display: flex;
  margin-bottom: 1px;
}

.geAHSS {
  margin-top: 7.5px;
}

<div
  className="sc-kgoBCf geAHSS"
>
  .ecEnce {
  -webkit-letter-spacing: 2px;
  -moz-letter-spacing: 2px;
  -ms-letter-spacing: 2px;
  letter-spacing: 2px;
}

.eYvYrI {
  font-weight: 500;
  color: #DEB21C;
}

.ixBfIh {
  border: 0px;
  height: 1px;
  width: 70%;
  margin: 1px auto;
  background-image: linear-gradient(    to left,    #FFF,    #000,    #FFF  );
}

.dhCMem {
  -webkit-flex-grow: 1;
  -ms-flex-grow: 1;
  flex-grow: 1;
  padding-top: 4px;
  color: #000;
}

.gcHgtx {
  -webkit-flex-basis: 22px;
  -ms-flex-basis: 22px;
  flex-basis: 22px;
  font-size: 19px;
  padding-top: 4px;
}

.gbCgzD {
  font-size: 14px;
}

.gbCgzD span {
  font-size: 17px;
}

.kdJdmo {
  display: -webkit-box;
  display: -webkit-flex;
  display: -ms-flexbox;
  display: flex;
  margin-bottom: 1px;
}

<div>
    .ecEnce {
  -webkit-letter-spacing: 2px;
  -moz-letter-spacing: 2px;
  -ms-letter-spacing: 2px;
  letter-spacing: 2px;
}

.eYvYrI {
  font-weight: 500;
  color: #DEB21C;
}

.dhCMem {
  -webkit-flex-grow: 1;
  -ms-flex-grow: 1;
  flex-grow: 1;
  padding-top: 4px;
  color: #000;
}

.gcHgtx {
  -webkit-flex-basis: 22px;
  -ms-flex-basis: 22px;
  flex-basis: 22px;
  font-size: 19px;
  padding-top: 4px;
}

.gbCgzD {
  font-size: 14px;
}

.gbCgzD span {
  font-size: 17px;
}

.kdJdmo {
  display: -webkit-box;
  display: -webkit-flex;
  display: -ms-flexbox;
  display: flex;
  margin-bottom: 1px;
}

<div
      className="sc-chPdSV kdJdmo"
    >
      .gcHgtx {
  -webkit-flex-basis: 22px;
  -ms-flex-basis: 22px;
  flex-basis: 22px;
  font-size: 19px;
  padding-top: 4px;
}

<i
        className="material-icons icon sc-cSHVUG gcHgtx"
      >
        forward
      </i>
      .dhCMem {
  -webkit-flex-grow: 1;
  -ms-flex-grow: 1;
  flex-grow: 1;
  padding-top: 4px;
  color: #000;
}

<div
        className="sc-jzJRlG dhCMem"
      >
        Attends Group Meetings
      </div>
      .ecEnce {
  -webkit-letter-spacing: 2px;
  -moz-letter-spacing: 2px;
  -ms-letter-spacing: 2px;
  letter-spacing: 2px;
}

.eYvYrI {
  font-weight: 500;
  color: #DEB21C;
}

.gbCgzD {
  font-size: 14px;
}

.gbCgzD span {
  font-size: 17px;
}

<div
        className="sc-kAzzGY gbCgzD sc-bdVaJa ecEnce"
      >
        .eYvYrI {
  font-weight: 500;
  color: #DEB21C;
}

<span
          className="sc-bwzfXH eYvYrI"
          color="#DEB21C"
        >
          3
        </span>
        /5
      </div>
    </div>
    .ixBfIh {
  border: 0px;
  height: 1px;
  width: 70%;
  margin: 1px auto;
  background-image: linear-gradient(    to left,    #FFF,    #000,    #FFF  );
}

<hr
      className="sc-htpNat ixBfIh"
      width="70%"
    />
  </div>
  .ecEnce {
  -webkit-letter-spacing: 2px;
  -moz-letter-spacing: 2px;
  -ms-letter-spacing: 2px;
  letter-spacing: 2px;
}

.fxvkdv {
  font-weight: 500;
  color: #A1BA37;
}

.dhCMem {
  -webkit-flex-grow: 1;
  -ms-flex-grow: 1;
  flex-grow: 1;
  padding-top: 4px;
  color: #000;
}

.gcHgtx {
  -webkit-flex-basis: 22px;
  -ms-flex-basis: 22px;
  flex-basis: 22px;
  font-size: 19px;
  padding-top: 4px;
}

.gbCgzD {
  font-size: 14px;
}

.gbCgzD span {
  font-size: 17px;
}

.kdJdmo {
  display: -webkit-box;
  display: -webkit-flex;
  display: -ms-flexbox;
  display: flex;
  margin-bottom: 1px;
}

<div>
    .ecEnce {
  -webkit-letter-spacing: 2px;
  -moz-letter-spacing: 2px;
  -ms-letter-spacing: 2px;
  letter-spacing: 2px;
}

.fxvkdv {
  font-weight: 500;
  color: #A1BA37;
}

.dhCMem {
  -webkit-flex-grow: 1;
  -ms-flex-grow: 1;
  flex-grow: 1;
  padding-top: 4px;
  color: #000;
}

.gcHgtx {
  -webkit-flex-basis: 22px;
  -ms-flex-basis: 22px;
  flex-basis: 22px;
  font-size: 19px;
  padding-top: 4px;
}

.gbCgzD {
  font-size: 14px;
}

.gbCgzD span {
  font-size: 17px;
}

.kdJdmo {
  display: -webkit-box;
  display: -webkit-flex;
  display: -ms-flexbox;
  display: flex;
  margin-bottom: 1px;
}

<div
      className="sc-chPdSV kdJdmo"
    >
      .gcHgtx {
  -webkit-flex-basis: 22px;
  -ms-flex-basis: 22px;
  flex-basis: 22px;
  font-size: 19px;
  padding-top: 4px;
}

<i
        className="material-icons icon sc-cSHVUG gcHgtx"
      >
        forward
      </i>
      .dhCMem {
  -webkit-flex-grow: 1;
  -ms-flex-grow: 1;
  flex-grow: 1;
  padding-top: 4px;
  color: #000;
}

<div
        className="sc-jzJRlG dhCMem"
      >
        Contributes to Discussions
      </div>
      .ecEnce {
  -webkit-letter-spacing: 2px;
  -moz-letter-spacing: 2px;
  -ms-letter-spacing: 2px;
  letter-spacing: 2px;
}

.fxvkdv {
  font-weight: 500;
  color: #A1BA37;
}

.gbCgzD {
  font-size: 14px;
}

.gbCgzD span {
  font-size: 17px;
}

<div
        className="sc-kAzzGY gbCgzD sc-bdVaJa ecEnce"
      >
        .fxvkdv {
  font-weight: 500;
  color: #A1BA37;
}

<span
          className="sc-bwzfXH fxvkdv"
          color="#A1BA37"
        >
          5
        </span>
        /5
      </div>
    </div>
  </div>
</div>
`;
