// Jest Snapshot v1, https://goo.gl/fbAQLP

exports[`RatingStars component should render correctly 1`] = `
.eckCOS {
  width: 95px;
}

.fpYmUJ {
  font-size: 19px;
  color: #FEBA72;
  width: 19px;
  padding-bottom: 2px;
}

<div
  className="sc-gZMcBi eckCOS"
>
  <i
    className="material-icons icon sc-gqjmRU fpYmUJ"
  >
    star
  </i>
  <i
    className="material-icons icon sc-gqjmRU fpYmUJ"
  >
    star
  </i>
  <i
    className="material-icons icon sc-gqjmRU fpYmUJ"
  >
    star
  </i>
  <i
    className="material-icons icon sc-gqjmRU fpYmUJ"
  >
    star
  </i>
  <i
    className="material-icons icon sc-gqjmRU fpYmUJ"
  >
    star_border
  </i>
</div>
`;
