// Jest Snapshot v1, https://goo.gl/fbAQLP

exports[`RatingCategoriesList component should render correctly 1`] = `
.ecEnce {
  -webkit-letter-spacing: 2px;
  -moz-letter-spacing: 2px;
  -ms-letter-spacing: 2px;
  letter-spacing: 2px;
}

.eYvYrI {
  font-weight: 500;
  color: #DEB21C;
}

.fxvkdv {
  font-weight: 500;
  color: #A1BA37;
}

.ixBfIh {
  border: 0px;
  height: 1px;
  width: 70%;
  margin: 1px auto;
  background-image: linear-gradient(    to left,    #FFF,    #000,    #FFF  );
}

.ksQujx {
  -webkit-flex-grow: 1;
  -ms-flex-grow: 1;
  flex-grow: 1;
  padding-top: 4px;
  color: #000;
}

.bqmFgE {
  -webkit-flex-basis: 22px;
  -ms-flex-basis: 22px;
  flex-basis: 22px;
  font-size: 19px;
  padding-top: 4px;
}

.kllFY {
  font-size: 14px;
}

.kllFY span {
  font-size: 17px;
}

.gHvGfd {
  display: -webkit-box;
  display: -webkit-flex;
  display: -ms-flexbox;
  display: flex;
  margin-bottom: 1px;
}

.kqyqhc {
  margin-top: 7.5px;
}

<div
  className="sc-cSHVUG kqyqhc"
>
  <div>
    <div
      className="sc-jzJRlG gHvGfd"
    >
      <i
        className="material-icons icon sc-jTzLTM bqmFgE"
      >
        forward
      </i>
      <div
        className="sc-VigVT ksQujx"
      >
        Attends Group Meetings
      </div>
      <div
        className="sc-fjdhpX kllFY sc-bdVaJa ecEnce"
      >
        <span
          className="sc-bwzfXH eYvYrI"
          color="#DEB21C"
        >
          3
        </span>
        /5
      </div>
    </div>
    <hr
      className="sc-htpNat ixBfIh"
      width="70%"
    />
  </div>
  <div>
    <div
      className="sc-jzJRlG gHvGfd"
    >
      <i
        className="material-icons icon sc-jTzLTM bqmFgE"
      >
        forward
      </i>
      <div
        className="sc-VigVT ksQujx"
      >
        Contributes to Discussions
      </div>
      <div
        className="sc-fjdhpX kllFY sc-bdVaJa ecEnce"
      >
        <span
          className="sc-bwzfXH fxvkdv"
          color="#A1BA37"
        >
          5
        </span>
        /5
      </div>
    </div>
  </div>
</div>
`;
