// Jest Snapshot v1, https://goo.gl/fbAQLP

exports[`UserCard component should render correctly 1`] = `
.eckCOS {
  width: 95px;
}

.fpYmUJ {
  font-size: 19px;
  color: #FEBA72;
  width: 19px;
  padding-bottom: 2px;
}

.diYOmo {
  font-size: 15px;
  font-weight: 500;
  -webkit-flex-grow: 1;
  -ms-flex-grow: 1;
  flex-grow: 1;
  color: #497B3C;
}

.hfRIVw {
  border-radius: 5px;
  background-color: #0b7eff;
  color: #fff;
  -webkit-text-align: center;
  text-align: center;
  font-weight: 300;
  font-size: 15px;
  width: 32.5px;
  padding: 1px;
  margin: 0;
}

.fmLmqL {
  color: rgb(0, 0, 0);
  font-size: 14px;
  font-weight: 500;
  -webkit-letter-spacing: .5px;
  -moz-letter-spacing: .5px;
  -ms-letter-spacing: .5px;
  letter-spacing: .5px;
}

.gColAP {
  color: #8e8e93;
  font-size: 14px;
  -webkit-flex-grow: 1;
  -ms-flex-grow: 1;
  flex-grow: 1;
  margin-top: 2px;
}

.gColAP span {
  font-weight: 600;
}

.iQTLco {
  display: -webkit-box;
  display: -webkit-flex;
  display: -ms-flexbox;
  display: flex;
  width: 100%;
}

.lcPXpU {
  width: 100%;
}

.iCbDrx {
  -webkit-letter-spacing: 2px;
  -moz-letter-spacing: 2px;
  -ms-letter-spacing: 2px;
  letter-spacing: 2px;
}

.fUJlXV {
  font-weight: 500;
  color: #DEB21C;
}

.gCgXTX {
  font-weight: 500;
  color: #A1BA37;
}

.fNEZfN {
  border: 0px;
  height: 1px;
  width: 90%;
  margin: 6px auto;
  background-image: linear-gradient(    to left,    #e5e5e5,    #0b7eff,    #e5e5e5  );
}

.hTsjQu {
  border: 0px;
  height: 1px;
  width: 70%;
  margin: 1px auto;
  background-image: linear-gradient(    to left,    #E5E5E5,    #0B7EFF,    #E5E5E5  );
}

.Qlzim {
  -webkit-flex-grow: 1;
  -ms-flex-grow: 1;
  flex-grow: 1;
  padding-top: 4px;
  color: #000;
}

.bLMLdI {
  -webkit-flex-basis: 22px;
  -ms-flex-basis: 22px;
  flex-basis: 22px;
  font-size: 19px;
  padding-top: 4px;
}

.gaWJmZ {
  font-size: 14px;
}

.gaWJmZ span {
  font-size: 17px;
}

.kpMPxm {
  display: -webkit-box;
  display: -webkit-flex;
  display: -ms-flexbox;
  display: flex;
  margin-bottom: 1px;
}

.jiPUOs {
  margin-top: 7.5px;
}

.dybaJa {
  display: -webkit-box;
  display: -webkit-flex;
  display: -ms-flexbox;
  display: flex;
}

.eAmEMa {
  border: none;
  background: inherit;
  font-size: 13px;
  padding: 0;
  -webkit-flex-basis: 100%;
  -ms-flex-basis: 100%;
  flex-basis: 100%;
  -webkit-text-align: left;
  text-align: left;
}

.eAmEMa:focus {
  outline: none;
}

.eAmEMa i {
  font-size: 17px;
  margin: 0 0 0 5px;
}

.gqfVFo {
  border: none;
  background: inherit;
  font-size: 13px;
  padding: 0;
  -webkit-flex-basis: 100%;
  -ms-flex-basis: 100%;
  flex-basis: 100%;
  -webkit-text-align: right;
  text-align: right;
}

.gqfVFo:focus {
  outline: none;
}

.gqfVFo i {
  font-size: 17px;
  margin: 0 5px 0 0;
}

.fkMGop {
  border: none;
  background: inherit;
  font-size: 13px;
  padding: 0;
  -webkit-flex-basis: 75px;
  -ms-flex-basis: 75px;
  flex-basis: 75px;
  -webkit-text-align: right;
  text-align: right;
}

.fkMGop:focus {
  outline: none;
}

.fkMGop i {
  font-size: 17px;
  margin: 0 0 0 7.5px;
}

.gxOTVN {
  -webkit-flex-basis: 100%;
  -ms-flex-basis: 100%;
  flex-basis: 100%;
}

.XrkpH {
  -webkit-flex-direction: row-reverse;
  -ms-flex-direction: row-reverse;
  flex-direction: row-reverse;
}

<div
  className="card"
>
  <div
    className="card-content"
  >
    <div
      className="card-content-inner"
    >
      <div
        className="sc-kAzzGY lcPXpU"
      >
        <div
          className="sc-cSHVUG iQTLco"
        >
          <div
            className="username sc-VigVT diYOmo"
            color="#497B3C"
          >
            Randall Rivera
          </div>
          <div
            className="sc-jTzLTM hfRIVw"
          >
            4.5
          </div>
        </div>
        <div
          className="sc-cSHVUG iQTLco"
        >
          <div
            className="sc-fjdhpX fmLmqL"
          >
            Student
             at
             
            NJIT, RU
          </div>
        </div>
        <div
          className="sc-cSHVUG iQTLco"
        >
          <div
            className="sc-jzJRlG gColAP"
          >
            <span>
              1
            </span>
             ratings
          </div>
          <div
            className="sc-gZMcBi eckCOS"
          >
            <i
              className="material-icons icon sc-gqjmRU fpYmUJ"
            >
              star
            </i>
            <i
              className="material-icons icon sc-gqjmRU fpYmUJ"
            >
              star
            </i>
            <i
              className="material-icons icon sc-gqjmRU fpYmUJ"
            >
              star
            </i>
            <i
              className="material-icons icon sc-gqjmRU fpYmUJ"
            >
              star
            </i>
            <i
              className="material-icons icon sc-gqjmRU fpYmUJ"
            >
              star_half
            </i>
          </div>
        </div>
      </div>
      <hr
        className="sc-kGXeez fNEZfN"
        width="90%"
      />
      <div
        className="accordion-item"
      >
        <div
          className="sc-hMqMXs dybaJa"
        >
          <div
            className="accordion-item-toggle sc-kkGfuU gxOTVN"
          >
            <button
              className="sc-kEYyzF eAmEMa"
              onClick={[Function]}
              type="button"
            >
              Quick Overview
              <i
                className="material-icons icon"
              >
                arrow_downward
              </i>
            </button>
          </div>
          <button
            className="sc-kEYyzF gqfVFo"
            onClick={[Function]}
            type="button"
          >
            <i
              className="material-icons icon"
            >
              person
            </i>
            See Profile
          </button>
        </div>
        <div
          className="accordion-item-content"
        >
          <div
            className="sc-eNQAEJ jiPUOs"
          >
            <div>
              <div
                className="sc-jKJlTe kpMPxm"
              >
                <i
                  className="material-icons icon sc-dxgOiQ bLMLdI"
                >
                  forward
                </i>
                <div
                  className="sc-kpOJdX Qlzim"
                >
                  Attends Group Meetings
                </div>
                <div
                  className="sc-ckVGcZ gaWJmZ sc-chPdSV iCbDrx"
                >
                  <span
                    className="sc-kgoBCf fUJlXV"
                    color="#DEB21C"
                  >
                    3
                  </span>
                  /5
                </div>
              </div>
              <hr
                className="sc-kGXeez hTsjQu"
                width="70%"
              />
            </div>
            <div>
              <div
                className="sc-jKJlTe kpMPxm"
              >
                <i
                  className="material-icons icon sc-dxgOiQ bLMLdI"
                >
                  forward
                </i>
                <div
                  className="sc-kpOJdX Qlzim"
                >
                  Contributes to Discussions
                </div>
                <div
                  className="sc-ckVGcZ gaWJmZ sc-chPdSV iCbDrx"
                >
                  <span
                    className="sc-kgoBCf gCgXTX"
                    color="#A1BA37"
                  >
                    5
                  </span>
                  /5
                </div>
              </div>
            </div>
          </div>
        </div>
      </div>
    </div>
  </div>
  <div
    className="card-footer sc-iAyFgw XrkpH"
  >
    <button
      className="sc-kEYyzF fkMGop"
      onClick={[Function]}
      type="button"
    >
      Saved
      <i
        className="material-icons icon"
      >
        bookmark
      </i>
    </button>
  </div>
</div>
`;
