// Jest Snapshot v1, https://goo.gl/fbAQLP

exports[`UserCard component should render correctly 1`] = `
.kyDniL {
  width: 95px;
}

.bhRAOQ {
  font-size: 19px;
  color: #FEBA72;
  width: 19px;
  padding-bottom: 2px;
}

.jnBvom {
  font-size: 15px;
  font-weight: 500;
  -webkit-flex-grow: 1;
  -ms-flex-grow: 1;
  flex-grow: 1;
  color: #497B3C;
}

.iKhCvH {
  border-radius: 5px;
  background-color: #0b7eff;
  color: #fff;
  -webkit-text-align: center;
  text-align: center;
  font-weight: 300;
  font-size: 15px;
  width: 32.5px;
  padding: 1px;
  margin: 0;
}

.dVYbeP {
  color: rgb(0, 0, 0);
  font-size: 14px;
  font-weight: 500;
  -webkit-letter-spacing: .5px;
  -moz-letter-spacing: .5px;
  -ms-letter-spacing: .5px;
  letter-spacing: .5px;
}

.blQaxc {
  color: #8e8e93;
  font-size: 14px;
  -webkit-flex-grow: 1;
  -ms-flex-grow: 1;
  flex-grow: 1;
  margin-top: 2px;
}

.blQaxc span {
  font-weight: 600;
}

.kpfwRn {
  display: -webkit-box;
  display: -webkit-flex;
  display: -ms-flexbox;
  display: flex;
  width: 100%;
}

.kllXoq {
  width: 100%;
}

.jcUlHR {
  -webkit-letter-spacing: 2px;
  -moz-letter-spacing: 2px;
  -ms-letter-spacing: 2px;
  letter-spacing: 2px;
}

.jLpaar {
  font-weight: 500;
  color: #DEB21C;
}

.ijyyJE {
  font-weight: 500;
  color: #A1BA37;
}

.kJkDOD {
  border: 0px;
  height: 1px;
  width: 90%;
  margin: 6px auto;
  background-image: linear-gradient(    to left,    #e5e5e5,    #0b7eff,    #e5e5e5  );
}

.jRHoTg {
  border: 0px;
  height: 1px;
  width: 70%;
  margin: 1px auto;
  background-image: linear-gradient(    to left,    #E5E5E5,    #0B7EFF,    #E5E5E5  );
}

.jLRIsi {
  -webkit-flex-grow: 1;
  -ms-flex-grow: 1;
  flex-grow: 1;
  padding-top: 4px;
  color: #000;
}

.cxOKzk {
  -webkit-flex-basis: 22px;
  -ms-flex-basis: 22px;
  flex-basis: 22px;
  font-size: 19px;
  padding-top: 4px;
}

.fXrRSF {
  font-size: 14px;
}

.fXrRSF span {
  font-size: 17px;
}

.kpgMGE {
  display: -webkit-box;
  display: -webkit-flex;
  display: -ms-flexbox;
  display: flex;
  margin-bottom: 1px;
}

.bDvgkk {
  margin-top: 7.5px;
}

.jrpSdz {
  display: -webkit-box;
  display: -webkit-flex;
  display: -ms-flexbox;
  display: flex;
}

.fvDsTq {
  border: none;
  background: inherit;
  font-size: 13px;
  padding: 0;
  -webkit-flex-basis: 100%;
  -ms-flex-basis: 100%;
  flex-basis: 100%;
  -webkit-text-align: left;
  text-align: left;
}

.fvDsTq:focus {
  outline: none;
}

.fvDsTq i {
  font-size: 17px;
  margin: 0 0 0 5px;
}

.isXVPd {
  border: none;
  background: inherit;
  font-size: 13px;
  padding: 0;
  -webkit-flex-basis: 100%;
  -ms-flex-basis: 100%;
  flex-basis: 100%;
  -webkit-text-align: right;
  text-align: right;
}

.isXVPd:focus {
  outline: none;
}

.isXVPd i {
  font-size: 17px;
  margin: 0 5px 0 0;
}

.kkFiul {
  border: none;
  background: inherit;
  font-size: 13px;
  padding: 0;
  -webkit-flex-basis: 75px;
  -ms-flex-basis: 75px;
  flex-basis: 75px;
  -webkit-text-align: right;
  text-align: right;
}

.kkFiul:focus {
  outline: none;
}

.kkFiul i {
  font-size: 17px;
  margin: 0 0 0 7.5px;
}

.cyStGk {
  -webkit-flex-basis: 100%;
  -ms-flex-basis: 100%;
  flex-basis: 100%;
}

.jRBpwb {
  -webkit-flex-direction: row-reverse;
  -ms-flex-direction: row-reverse;
  flex-direction: row-reverse;
}

<div
  className="card"
>
  <div
    className="card-content"
  >
    <div
      className="card-content-inner"
    >
      <div
        className="sc-VigVT kllXoq"
      >
        <div
          className="sc-gqjmRU kpfwRn"
        >
          <div
            className="username sc-htoDjs jnBvom"
            color="#497B3C"
          >
            Randall Rivera
          </div>
          <div
            className="sc-dnqmqq iKhCvH"
          >
            4.5
          </div>
        </div>
        <div
          className="sc-gqjmRU kpfwRn"
        >
          <div
            className="sc-iwsKbI dVYbeP"
          >
            Student
             at
             
            NJIT, RU
          </div>
        </div>
        <div
          className="sc-gqjmRU kpfwRn"
        >
          <div
            className="sc-gZMcBi blQaxc"
          >
            <span>
              1
            </span>
             ratings
          </div>
          <div
            className="sc-bZQynM kyDniL"
          >
            <i
              className="material-icons icon sc-gzVnrw bhRAOQ"
            >
              star
            </i>
            <i
              className="material-icons icon sc-gzVnrw bhRAOQ"
            >
              star
            </i>
            <i
              className="material-icons icon sc-gzVnrw bhRAOQ"
            >
              star
            </i>
            <i
              className="material-icons icon sc-gzVnrw bhRAOQ"
            >
              star
            </i>
            <i
              className="material-icons icon sc-gzVnrw bhRAOQ"
            >
              star_half
            </i>
          </div>
        </div>
      </div>
      <hr
        className="sc-jzJRlG kJkDOD"
        width="90%"
      />
      <div
        className="accordion-item"
      >
        <div
          className="sc-kpOJdX jrpSdz"
        >
          <div
            className="accordion-item-toggle sc-ckVGcZ cyStGk"
          >
            <button
              className="sc-dxgOiQ fvDsTq"
              onClick={[Function]}
              type="button"
            >
              Quick Overview
              <i
                className="material-icons icon"
              >
                arrow_downward
              </i>
            </button>
          </div>
          <button
            className="sc-dxgOiQ isXVPd"
            onClick={[Function]}
            type="button"
          >
            <i
              className="material-icons icon"
            >
              person
            </i>
            See Profile
          </button>
        </div>
        <div
          className="accordion-item-content"
        >
          <div
            className="sc-kGXeez bDvgkk"
          >
            <div>
              <div
                className="sc-kgoBCf kpgMGE"
              >
                <i
                  className="material-icons icon sc-kAzzGY cxOKzk"
                >
                  forward
                </i>
                <div
                  className="sc-cSHVUG jLRIsi"
                >
                  Attends Group Meetings
                </div>
                <div
                  className="sc-chPdSV fXrRSF sc-jTzLTM jcUlHR"
                >
                  <span
                    className="sc-fjdhpX jLpaar"
                    color="#DEB21C"
                  >
                    3
                  </span>
                  /5
                </div>
              </div>
              <hr
                className="sc-jzJRlG jRHoTg"
                width="70%"
              />
            </div>
            <div>
              <div
                className="sc-kgoBCf kpgMGE"
              >
                <i
                  className="material-icons icon sc-kAzzGY cxOKzk"
                >
                  forward
                </i>
                <div
                  className="sc-cSHVUG jLRIsi"
                >
                  Contributes to Discussions
                </div>
                <div
                  className="sc-chPdSV fXrRSF sc-jTzLTM jcUlHR"
                >
                  <span
                    className="sc-fjdhpX ijyyJE"
                    color="#A1BA37"
                  >
                    5
                  </span>
                  /5
                </div>
              </div>
            </div>
          </div>
        </div>
      </div>
    </div>
  </div>
  <div
    className="card-footer sc-jKJlTe jRBpwb"
  >
    <button
      className="sc-dxgOiQ kkFiul"
      onClick={[Function]}
      type="button"
    >
      Saved
      <i
        className="material-icons icon"
      >
        bookmark
      </i>
    </button>
  </div>
</div>
`;
