// Jest Snapshot v1, https://goo.gl/fbAQLP

exports[`UserCard component should render correctly 1`] = `
.jcgCRq {
  width: 95px;
}

.bYCMRk {
  font-size: 19px;
  color: #FEBA72;
  width: 19px;
  padding-bottom: 2px;
}

.dBifNR {
  font-size: 15px;
  font-weight: 500;
  -webkit-flex-grow: 1;
  -ms-flex-grow: 1;
  flex-grow: 1;
  color: #497B3C;
}

.dPGBBj {
  border-radius: 5px;
  background-color: #0b7eff;
  color: #fff;
  -webkit-text-align: center;
  text-align: center;
  font-weight: 300;
  font-size: 15px;
  width: 32.5px;
  padding: 1px;
  margin: 0;
}

.hSQdsv {
  color: rgb(0, 0, 0);
  font-size: 14px;
  font-weight: 500;
  -webkit-letter-spacing: .5px;
  -moz-letter-spacing: .5px;
  -ms-letter-spacing: .5px;
  letter-spacing: .5px;
}

.fjUMJC {
  color: #8e8e93;
  font-size: 14px;
  -webkit-flex-grow: 1;
  -ms-flex-grow: 1;
  flex-grow: 1;
  margin-top: 2px;
}

.fjUMJC span {
  font-weight: 600;
}

.bdjSoM {
  display: -webkit-box;
  display: -webkit-flex;
  display: -ms-flexbox;
  display: flex;
  width: 100%;
}

.humQFT {
  width: 100%;
}

.etWru {
  -webkit-letter-spacing: 2px;
  -moz-letter-spacing: 2px;
  -ms-letter-spacing: 2px;
  letter-spacing: 2px;
}

.lggiIy {
  font-weight: 500;
  color: #DEB21C;
}

.gaIIut {
  font-weight: 500;
  color: #A1BA37;
}

.haEecg {
  border: 0px;
  height: 1px;
  width: 90%;
  margin: 6px auto;
  background-image: linear-gradient(    to left,    #e5e5e5,    #0b7eff,    #e5e5e5  );
}

.FZlMk {
  border: 0px;
  height: 1px;
  width: 70%;
  margin: 1px auto;
  background-image: linear-gradient(    to left,    #E5E5E5,    #0B7EFF,    #E5E5E5  );
}

.dNmPtC {
  -webkit-flex-grow: 1;
  -ms-flex-grow: 1;
  flex-grow: 1;
  padding-top: 4px;
  color: #000;
}

.kUtKba {
  -webkit-flex-basis: 22px;
  -ms-flex-basis: 22px;
  flex-basis: 22px;
  font-size: 19px;
  padding-top: 4px;
}

.dPsBlx {
  font-size: 14px;
}

.dPsBlx span {
  font-size: 17px;
}

.eRUbsA {
  display: -webkit-box;
  display: -webkit-flex;
  display: -ms-flexbox;
  display: flex;
  margin-bottom: 1px;
}

.dXNtic {
  margin-top: 7.5px;
}

.eRzCvA {
  display: -webkit-box;
  display: -webkit-flex;
  display: -ms-flexbox;
  display: flex;
}

.cpJIvo {
  border: none;
  background: inherit;
  font-size: 13px;
  padding: 0;
  -webkit-flex-basis: 100%;
  -ms-flex-basis: 100%;
  flex-basis: 100%;
  -webkit-text-align: left;
  text-align: left;
}

.cpJIvo:focus {
  outline: none;
}

.cpJIvo i {
  font-size: 17px;
  margin: 0 0 0 5px;
}

.igUVVf {
  border: none;
  background: inherit;
  font-size: 13px;
  padding: 0;
  -webkit-flex-basis: 100%;
  -ms-flex-basis: 100%;
  flex-basis: 100%;
  -webkit-text-align: right;
  text-align: right;
}

.igUVVf:focus {
  outline: none;
}

.igUVVf i {
  font-size: 17px;
  margin: 0 5px 0 0;
}

.gnLrDW {
  border: none;
  background: inherit;
  font-size: 13px;
  padding: 0;
  -webkit-flex-basis: 75px;
  -ms-flex-basis: 75px;
  flex-basis: 75px;
  -webkit-text-align: right;
  text-align: right;
}

.gnLrDW:focus {
  outline: none;
}

.gnLrDW i {
  font-size: 17px;
  margin: 0 0 0 7.5px;
}

.dSbTJC {
  -webkit-flex-basis: 100%;
  -ms-flex-basis: 100%;
  flex-basis: 100%;
}

.kGPDiG {
  -webkit-flex-direction: row-reverse;
  -ms-flex-direction: row-reverse;
  flex-direction: row-reverse;
}

<div
  className="card"
>
  <div
    className="card-content"
  >
    <div
      className="card-content-inner"
    >
      <div
        className="sc-kgoBCf humQFT"
      >
        <div
          className="sc-chPdSV bdjSoM"
        >
          <div
            className="username sc-fjdhpX dBifNR"
            color="#497B3C"
          >
            Randall Rivera
          </div>
          <div
            className="sc-jzJRlG dPGBBj"
          >
            4.5
          </div>
        </div>
        <div
          className="sc-chPdSV bdjSoM"
        >
          <div
            className="sc-cSHVUG hSQdsv"
          >
            Student
             at
             
            NJIT, RU
          </div>
        </div>
        <div
          className="sc-chPdSV bdjSoM"
        >
          <div
            className="sc-kAzzGY fjUMJC"
          >
            <span>
              1
            </span>
             ratings
          </div>
          <div
            className="sc-VigVT jcgCRq"
          >
            <i
              className="material-icons icon sc-jTzLTM bYCMRk"
            >
              star
            </i>
            <i
              className="material-icons icon sc-jTzLTM bYCMRk"
            >
              star
            </i>
            <i
              className="material-icons icon sc-jTzLTM bYCMRk"
            >
              star
            </i>
            <i
              className="material-icons icon sc-jTzLTM bYCMRk"
            >
              star
            </i>
            <i
              className="material-icons icon sc-jTzLTM bYCMRk"
            >
              star_half
            </i>
          </div>
        </div>
      </div>
      <hr
        className="sc-dxgOiQ haEecg"
        width="90%"
      />
      <div
        className="accordion-item"
      >
        <div
          className="sc-kkGfuU eRzCvA"
        >
          <div
            className="accordion-item-toggle sc-hSdWYo dSbTJC"
          >
            <button
              className="sc-iAyFgw cpJIvo"
              onClick={[Function]}
              type="button"
            >
              Quick Overview
              <i
                className="material-icons icon"
              >
                arrow_downward
              </i>
            </button>
          </div>
          <button
            className="sc-iAyFgw igUVVf"
            onClick={[Function]}
            type="button"
          >
            <i
              className="material-icons icon"
            >
              person
            </i>
            See Profile
          </button>
        </div>
        <div
          className="accordion-item-content"
        >
          <div
            className="sc-kEYyzF dXNtic"
          >
            <div>
              <div
                className="sc-hMqMXs eRUbsA"
              >
                <i
                  className="material-icons icon sc-jKJlTe kUtKba"
                >
                  forward
                </i>
                <div
                  className="sc-ckVGcZ dNmPtC"
                >
                  Attends Group Meetings
                </div>
                <div
                  className="sc-eNQAEJ dPsBlx sc-kGXeez etWru"
                >
                  <span
                    className="sc-kpOJdX lggiIy"
                    color="#DEB21C"
                  >
                    3
                  </span>
                  /5
                </div>
              </div>
              <hr
                className="sc-dxgOiQ FZlMk"
                width="70%"
              />
            </div>
            <div>
              <div
                className="sc-hMqMXs eRUbsA"
              >
                <i
                  className="material-icons icon sc-jKJlTe kUtKba"
                >
                  forward
                </i>
                <div
                  className="sc-ckVGcZ dNmPtC"
                >
                  Contributes to Discussions
                </div>
                <div
                  className="sc-eNQAEJ dPsBlx sc-kGXeez etWru"
                >
                  <span
                    className="sc-kpOJdX gaIIut"
                    color="#A1BA37"
                  >
                    5
                  </span>
                  /5
                </div>
              </div>
            </div>
          </div>
        </div>
      </div>
    </div>
  </div>
  <div
    className="card-footer sc-eHgmQL kGPDiG"
  >
    <button
      className="sc-iAyFgw gnLrDW"
      onClick={[Function]}
      type="button"
    >
      Saved
      <i
        className="material-icons icon"
      >
        bookmark
      </i>
    </button>
  </div>
</div>
`;
